app/(dashboard)/industries/interior-design/page.tsx(529,9): error TS2322: Type '(newLeads: { name: string; phone: string; email: string; source: string; interest: string; budget: string; status: string; notes: string; }[]) => Promise<void>' is not assignable to type '(leads: SingleLead[]) => void'.
  Types of parameters 'newLeads' and 'leads' are incompatible.
    Type 'SingleLead[]' is not assignable to type '{ name: string; phone: string; email: string; source: string; interest: string; budget: string; status: string; notes: string; }[]'.
      Property 'email' is missing in type 'SingleLead' but required in type '{ name: string; phone: string; email: string; source: string; interest: string; budget: string; status: string; notes: string; }'.
app/(dashboard)/reports/page.tsx(113,26): error TS2322: Type '(v: number) => [string]' is not assignable to type 'Formatter<ValueType, NameType> & ((value: ValueType, name: NameType, item: TooltipPayloadEntry, index: number, payload: TooltipPayload) => ReactNode | [...])'.
  Type '(v: number) => [string]' is not assignable to type 'Formatter<ValueType, NameType>'.
    Types of parameters 'v' and 'value' are incompatible.
      Type 'ValueType | undefined' is not assignable to type 'number'.
        Type 'undefined' is not assignable to type 'number'.
app/(dashboard)/reports/page.tsx(157,28): error TS2322: Type '(v: number) => [string]' is not assignable to type 'Formatter<ValueType, NameType> & ((value: ValueType, name: NameType, item: TooltipPayloadEntry, index: number, payload: TooltipPayload) => ReactNode | [...])'.
  Type '(v: number) => [string]' is not assignable to type 'Formatter<ValueType, NameType>'.
    Types of parameters 'v' and 'value' are incompatible.
      Type 'ValueType | undefined' is not assignable to type 'number'.
        Type 'undefined' is not assignable to type 'number'.
components/dashboard/charts.tsx(75,13): error TS2322: Type '(value: number | string) => string[]' is not assignable to type 'Formatter<ValueType, NameType> & ((value: ValueType, name: NameType, item: TooltipPayloadEntry, index: number, payload: TooltipPayload) => ReactNode | [...])'.
  Type '(value: number | string) => string[]' is not assignable to type 'Formatter<ValueType, NameType>'.
    Types of parameters 'value' and 'value' are incompatible.
      Type 'ValueType | undefined' is not assignable to type 'string | number'.
        Type 'undefined' is not assignable to type 'string | number'.
components/dashboard/charts.tsx(120,13): error TS2322: Type '(value: number | string) => string[]' is not assignable to type 'Formatter<ValueType, NameType> & ((value: ValueType, name: NameType, item: TooltipPayloadEntry, index: number, payload: TooltipPayload) => ReactNode | [...])'.
  Type '(value: number | string) => string[]' is not assignable to type 'Formatter<ValueType, NameType>'.
    Types of parameters 'value' and 'value' are incompatible.
      Type 'ValueType | undefined' is not assignable to type 'string | number'.
        Type 'undefined' is not assignable to type 'string | number'.
components/ui/calendar.tsx(90,9): error TS2353: Object literal may only specify known properties, and 'table' does not exist in type 'Partial<ClassNames>'.
lib/mock-data.ts(1,15): error TS2305: Module '"@/types"' has no exported member 'StatCard'.
lib/mock-data.ts(1,25): error TS2305: Module '"@/types"' has no exported member 'Lead'.
lib/mock-data.ts(1,31): error TS2305: Module '"@/types"' has no exported member 'Activity'.
lib/mock-data.ts(1,41): error TS2305: Module '"@/types"' has no exported member 'Project'.
store/auth.store.ts(1,24): error TS2307: Cannot find module 'zustand' or its corresponding type declarations.
store/auth.store.ts(12,48): error TS7006: Parameter 'set' implicitly has an 'any' type.
store/auth.store.ts(17,15): error TS7006: Parameter 'data' implicitly has an 'any' type.
